Picked up JAVA_TOOL_OPTIONS: -Dlss.wi6.enabled=true -Dlss.wi6.observer=AstraValidator
Starting net.fabricmc.loader.impl.game.minecraft.BundlerClassPathCapture
[20:38:30] [main/INFO]: Loading Minecraft 1.21.1 with Fabric Loader 0.19.3
[20:38:30] [main/INFO]: Loading 47 mods:
	- fabric-api 0.116.15+1.21.1
	   |-- fabric-api-base 0.4.42+6573ed8c19
	   |-- fabric-api-lookup-api-v1 1.6.72+7b3d111d19
	   |-- fabric-biome-api-v1 13.0.31+d527f9fd19
	   |-- fabric-block-api-v1 1.1.0+0bc3503219
	   |-- fabric-block-view-api-v2 1.0.11+ebb2264e19
	   |-- fabric-blockrenderlayer-v1 1.1.52+0af3f5a719
	   |-- fabric-client-tags-api-v1 1.2.0+1eb36c0719
	   |-- fabric-command-api-v1 1.2.49+f71b366f19
	   |-- fabric-command-api-v2 2.2.28+6ced4dd919
	   |-- fabric-commands-v0 0.2.66+df3654b319
	   |-- fabric-content-registries-v0 8.0.19+b559734419
	   |-- fabric-convention-tags-v1 2.1.7+7f945d5b19
	   |-- fabric-convention-tags-v2 2.12.0+c3656daa19
	   |-- fabric-crash-report-info-v1 0.2.29+0af3f5a719
	   |-- fabric-data-attachment-api-v1 1.4.7+5b36e0f719
	   |-- fabric-data-generation-api-v1 20.3.0+1eb36c0719
	   |-- fabric-dimensions-v1 4.0.1+65213ef819
	   |-- fabric-entity-events-v1 1.8.0+2b27e0a419
	   |-- fabric-events-interaction-v0 0.7.14+ba9dae0619
	   |-- fabric-game-rule-api-v1 1.0.53+6ced4dd919
	   |-- fabric-item-api-v1 11.3.0+467044f319
	   |-- fabric-item-group-api-v1 4.1.7+def88e3a19
	   |-- fabric-key-binding-api-v1 1.0.47+0af3f5a719
	   |-- fabric-keybindings-v0 0.2.45+df3654b319
	   |-- fabric-lifecycle-events-v1 2.6.0+0865547519
	   |-- fabric-loot-api-v2 3.0.15+3f89f5a519
	   |-- fabric-loot-api-v3 1.0.3+3f89f5a519
	   |-- fabric-message-api-v1 6.0.14+8aaf3aca19
	   |-- fabric-model-loading-api-v1 2.1.0+b4d813fc19
	   |-- fabric-networking-api-v1 4.3.1+d30f6a7919
	   |-- fabric-object-builder-api-v1 15.2.1+40875a9319
	   |-- fabric-particles-v1 4.0.2+6573ed8c19
	   |-- fabric-recipe-api-v1 5.0.16+2475392c19
	   |-- fabric-registry-sync-v0 5.3.2+e3eddc2119
	   |-- fabric-renderer-api-v1 3.4.1+b4d813fc19
	   |-- fabric-renderer-indigo 1.7.1+c705a49c19
	   |-- fabric-renderer-registries-v1 3.2.69+df3654b319
	   |-- fabric-rendering-data-attachment-v1 0.3.49+73761d2e19
	   |-- fabric-rendering-fluids-v1 3.1.6+1daea21519
	   |-- fabric-rendering-v0 1.1.72+df3654b319
	   |-- fabric-rendering-v1 5.1.0+ab4c25a019
	   |-- fabric-resource-conditions-api-v1 4.3.0+8dc279b119
	   |-- fabric-resource-loader-v0 1.3.1+5b5275af19
	   |-- fabric-screen-api-v1 2.0.26+639b4c0719
	   |-- fabric-screen-handler-api-v1 1.3.91+b559734419
	   |-- fabric-sound-api-v1 1.0.23+6573ed8c19
	   |-- fabric-tag-api-v1 1.3.0+1eb36c0719
	   |-- fabric-transfer-api-v1 5.4.4+7b3d111d19
	   \-- fabric-transitive-access-wideners-v1 6.2.0+45b9699719
	- fabricloader 0.19.3
	   \-- mixinextras 0.5.4
	- java 21
	- lss 0.14.0
	   |-- dev_vox_common 0.14.0
	   |-- lss-sqlite-jdbc 3.49.1.0
	   \-- lss-zstd-jni 1.5.7-3
	- lss_wi6_fixture 1.0.0-test-only
	- minecraft 1.21.1
[20:38:30] [main/INFO]: SpongePowered MIXIN Subsystem Version=0.8.7 Source=file:/home/vox/.local/state/lss-review/20260908-implementation/runtime/gui-server-a/libraries/net/fabricmc/sponge-mixin/0.17.3+mixin.0.8.7/sponge-mixin-0.17.3+mixin.0.8.7.jar Service=Knot/Fabric Env=SERVER
[20:38:30] [main/INFO]: Compatibility level set to JAVA_17
[20:38:30] [main/INFO]: Compatibility level set to JAVA_21
[20:38:30] [main/INFO]: Initializing MixinExtras via com.llamalad7.mixinextras.service.MixinExtrasServiceImpl(version=0.5.4).
[20:38:34] [main/INFO]: Environment: Environment[sessionHost=https://sessionserver.mojang.com, servicesHost=https://api.minecraftservices.com, name=PROD]
[20:38:35] [main/INFO]: Loaded 1290 recipes
[20:38:35] [main/INFO]: Loaded 1399 advancements
[20:38:35] [main/INFO]: Applied 0 biome modifications to 0 of 64 new biomes in 770.5 μs
[20:38:35] [Server thread/INFO]: Starting minecraft server version 1.21.1
[20:38:35] [Server thread/INFO]: Loading properties
[20:38:35] [Server thread/INFO]: Default game type: CREATIVE
[20:38:35] [Server thread/INFO]: Generating keypair
[20:38:35] [Server thread/INFO]: Starting Minecraft server on ::1:25566
[20:38:35] [Server thread/INFO]: Using epoll channel type
[20:38:35] [Server thread/WARN]: **** SERVER IS RUNNING IN OFFLINE/INSECURE MODE!
[20:38:35] [Server thread/WARN]: The server will make no attempt to authenticate usernames. Beware.
[20:38:35] [Server thread/WARN]: While this makes the game possible to play without internet access, it also opens up the ability for hackers to connect with any username they choose.
[20:38:35] [Server thread/WARN]: To change this, set "online-mode" to "true" in the server.properties file.
[20:38:35] [Server thread/INFO]: Preparing level "world"
[20:38:35] [Server thread/INFO]: Preparing start region for dimension minecraft:overworld
[20:38:36] [Worker-Main-10/INFO]: Preparing spawn area: 0%
[20:38:36] [Server thread/INFO]: Time elapsed: 179 ms
[20:38:36] [Server thread/INFO]: Done (0.264s)! For help, type "help"
[20:38:36] [Server thread/INFO]: Starting LSS LOD request processing service
[20:38:36] [Server thread/INFO]: Loaded 2384 timestamp cache entries from world/data/lss-timestamps.bin
[20:38:36] [Server thread/INFO]: LOD store active (lodStore=on). It stores served LOD bytes under <world>/lss-lod/ and, once fully warmed, occupies roughly as much space as the region files themselves. It is DERIVED data — deleting lss-lod/ is always safe. Set lodStore=off to disable, lodStoreMaxMB to bound it.
[20:38:36] [Server thread/INFO]: Effective config: useNbtTranscode=true, diskReaderThreads=2, useCompressedColumns=true, useBackgroundReadSplit=true, useSelectiveNbtParse=true, maxConcurrentDiskReads=2
[20:38:36] [LSS LOD Store SQLite/INFO]: LOD store sweep [minecraft:overworld]: 4 changed region(s), dropped 484 stale + 0 vanished-region row(s)
[20:38:36] [LSS Store Backfill/INFO]: Store backfill: 290 region(s) to process, estimated ~0 MB of new deposits (uncapped)
[20:38:36] [Server thread/INFO]: Dirty content filter: seeded 49 already-loaded chunk(s)
[20:38:36] [LSS Store Backfill/INFO]: Store backfill complete: 0 regions, 0 deposited, 0 skipped, 0 errors, 0 pauses
[20:38:36] [Server thread/INFO]: [WI6-FIXTURE] READY tick=1 observer=AstraValidator observer_uuid=c6b74654-13fe-35da-9032-4f667c737fec subject=SoakPlayer subject_uuid=aea5861f-13f5-3935-a2b0-a61893834946 hold=/home/vox/.local/state/lss-review/20260908-implementation/runtime/gui-server-a/wi6-hold-clear
[20:40:08] [Server thread/INFO]: SoakPlayer[/[0:0:0:0:0:0:0:1%0]:48922] logged in with entity id 1 at (160.5, 149.5875, -2.5)
[20:40:08] [Server thread/INFO]: SoakPlayer joined the game
[20:40:08] [Server thread/INFO]: LSS handshake received from SoakPlayer (protocol v20, capabilities=3)
[20:40:08] [Server thread/INFO]: Player SoakPlayer registered for LSS LOD request processing (caps=3)
[20:40:27] [Server thread/INFO]: AstraValidator[/[0:0:0:0:0:0:0:1%0]:48944] logged in with entity id 3 at (0.5, 150.0, 0.5)
[20:40:27] [Server thread/INFO]: AstraValidator joined the game
[20:40:28] [Server thread/INFO]: LSS handshake received from AstraValidator (protocol v20, capabilities=7)
[20:40:28] [Server thread/INFO]: Player AstraValidator registered for LSS LOD request processing (caps=7)
[20:40:28] [Server thread/INFO]: [WI6-FIXTURE] BASELINE_ROSTER tick=2358 epoch=1 subject_index=0
[20:40:28] [Server thread/INFO]: [WI6-FIXTURE] BASELINE_UPDATE tick=2358 epoch=1
[20:40:40] [Server thread/INFO]: SoakPlayer stopped riding Oak Boat
[20:40:40] [Server thread/INFO]: Teleported SoakPlayer to 160.500000, 150.000000, 0.500000
[20:40:40] [Server thread/INFO]: Teleported AstraValidator to 0.500000, 150.000000, 0.500000
[20:40:41] [Server thread/INFO]: [WI6-FIXTURE] BASELINE_UPDATE tick=2608 epoch=1
[20:40:41] [Server thread/INFO]: [WI6-FIXTURE] BASELINE_UPDATE tick=2618 epoch=1
[20:40:42] [Server thread/INFO]: [WI6-FIXTURE] BASELINE_UPDATE tick=2628 epoch=1
[20:40:42] [Server thread/INFO]: [WI6-FIXTURE] BASELINE_UPDATE tick=2638 epoch=1
[20:40:43] [Server thread/INFO]: [WI6-FIXTURE] BASELINE_UPDATE tick=2648 epoch=1
[20:40:43] [Server thread/INFO]: [WI6-FIXTURE] BASELINE_UPDATE tick=2658 epoch=1
[20:40:44] [Server thread/INFO]: [WI6-FIXTURE] BASELINE_UPDATE tick=2668 epoch=1
[20:40:44] [Server thread/INFO]: [WI6-FIXTURE] BASELINE_UPDATE tick=2678 epoch=1
[20:40:45] [Server thread/INFO]: [WI6-FIXTURE] BASELINE_UPDATE tick=2688 epoch=1
[20:40:45] [Server thread/INFO]: [WI6-FIXTURE] BASELINE_UPDATE tick=2698 epoch=1
[20:40:46] [Server thread/INFO]: [WI6-FIXTURE] BASELINE_UPDATE tick=2708 epoch=1
[20:40:47] [Server thread/INFO]: [WI6-FIXTURE] BASELINE_UPDATE tick=2728 epoch=1
[20:40:55] [Server thread/INFO]: LSS handshake received from AstraValidator (protocol v20, capabilities=7)
[20:40:55] [Server thread/INFO]: Player AstraValidator registered for LSS LOD request processing (caps=7)
[20:40:55] [Server thread/INFO]: [WI6-FIXTURE] BASELINE_ROSTER tick=2898 epoch=2 subject_index=0
[20:40:55] [Server thread/INFO]: [WI6-FIXTURE] BASELINE_UPDATE tick=2898 epoch=2
[20:41:11] [Server thread/INFO]: [WI6-FIXTURE] ARMED tick=3238 baseline_epoch=2 subject_index=0 actual_roster_and_update_accepted=true
[20:41:34] [Server thread/INFO]: Successfully filled 176 block(s)
[20:41:34] [Server thread/INFO]: Teleported SoakPlayer to 160.500000, 150.000000, 0.500000
[20:41:34] [Server thread/INFO]: Teleported AstraValidator to 0.500000, 150.000000, 0.500000
[20:41:34] [Server thread/WARN]: SoakPlayer moved too quickly! 0.0,210.0,0.0
[20:41:34] [Server thread/WARN]: SoakPlayer moved too quickly! 0.0,210.0,0.0
[20:41:34] [Server thread/WARN]: SoakPlayer moved too quickly! 0.0,210.0,0.0
[20:41:35] [Server thread/WARN]: SoakPlayer moved too quickly! 0.0,210.0,0.0
[20:41:35] [Server thread/INFO]: [WI6-FIXTURE] BASELINE_UPDATE tick=3738 epoch=2
[20:41:36] [Server thread/INFO]: farPlayers = off — applies at the next broadcast tick; off disables far players, opt-in serves only players whose own client opted in, on serves everyone minus the exclude list
[20:41:36] [Server thread/INFO]: [WI6-FIXTURE] OFF_ENTERED tick=3771 baseline_epoch=2
[20:41:36] [Server thread/INFO]: [WI6-FIXTURE] CLEAR_DECLINED tick=3771 count=1 epoch=3 actual_adapter_return=false
[20:41:37] [Server thread/INFO]: [WI6-FIXTURE] CLEAR_DECLINED tick=3772 count=2 epoch=3 actual_adapter_return=false
[20:41:37] [Server thread/INFO]: [WI6-FIXTURE] CLEAR_DECLINED tick=3773 count=3 epoch=3 actual_adapter_return=false
[20:41:37] [Server thread/INFO]: [WI6-FIXTURE] CLEAR_DECLINED tick=3790 count=20 epoch=3 actual_adapter_return=false
[20:41:38] [Server thread/INFO]: [WI6-FIXTURE] CLEAR_DECLINED tick=3810 count=40 epoch=3 actual_adapter_return=false
[20:41:39] [Server thread/INFO]: [WI6-FIXTURE] CLEAR_DECLINED tick=3830 count=60 epoch=3 actual_adapter_return=false
[20:41:40] [Server thread/INFO]: [WI6-FIXTURE] CLEAR_DECLINED tick=3850 count=80 epoch=3 actual_adapter_return=false
[20:41:41] [Server thread/INFO]: [WI6-FIXTURE] CLEAR_DECLINED tick=3870 count=100 epoch=3 actual_adapter_return=false
[20:41:42] [Server thread/INFO]: [WI6-FIXTURE] CLEAR_DECLINED tick=3890 count=120 epoch=3 actual_adapter_return=false
[20:41:43] [Server thread/INFO]: [WI6-FIXTURE] CLEAR_DECLINED tick=3910 count=140 epoch=3 actual_adapter_return=false
[20:41:44] [Server thread/INFO]: [WI6-FIXTURE] CLEAR_DECLINED tick=3930 count=160 epoch=3 actual_adapter_return=false
[20:41:45] [Server thread/INFO]: [WI6-FIXTURE] CLEAR_DECLINED tick=3950 count=180 epoch=3 actual_adapter_return=false
[20:41:46] [Server thread/INFO]: [WI6-FIXTURE] CLEAR_DECLINED tick=3970 count=200 epoch=3 actual_adapter_return=false
[20:41:47] [Server thread/INFO]: [WI6-FIXTURE] CLEAR_DECLINED tick=3990 count=220 epoch=3 actual_adapter_return=false
[20:41:48] [Server thread/INFO]: [WI6-FIXTURE] CLEAR_DECLINED tick=4010 count=240 epoch=3 actual_adapter_return=false
[20:41:49] [Server thread/INFO]: [WI6-FIXTURE] CLEAR_DECLINED tick=4030 count=260 epoch=3 actual_adapter_return=false
[20:41:50] [Server thread/INFO]: [WI6-FIXTURE] CLEAR_DECLINED tick=4050 count=280 epoch=3 actual_adapter_return=false
[20:41:51] [Server thread/INFO]: [WI6-FIXTURE] CLEAR_DECLINED tick=4070 count=300 epoch=3 actual_adapter_return=false
[20:41:52] [Server thread/INFO]: [WI6-FIXTURE] CLEAR_DECLINED tick=4090 count=320 epoch=3 actual_adapter_return=false
[20:41:53] [Server thread/INFO]: [WI6-FIXTURE] CLEAR_DECLINED tick=4110 count=340 epoch=3 actual_adapter_return=false
[20:41:54] [Server thread/INFO]: [WI6-FIXTURE] CLEAR_DECLINED tick=4130 count=360 epoch=3 actual_adapter_return=false
[20:41:55] [Server thread/INFO]: [WI6-FIXTURE] CLEAR_DECLINED tick=4150 count=380 epoch=3 actual_adapter_return=false
[20:41:56] [Server thread/INFO]: [WI6-FIXTURE] CLEAR_DECLINED tick=4170 count=400 epoch=3 actual_adapter_return=false
[20:41:57] [Server thread/INFO]: [WI6-FIXTURE] CLEAR_DECLINED tick=4190 count=420 epoch=3 actual_adapter_return=false
[20:41:58] [Server thread/INFO]: [WI6-FIXTURE] CLEAR_DECLINED tick=4210 count=440 epoch=3 actual_adapter_return=false
[20:41:59] [Server thread/INFO]: [WI6-FIXTURE] CLEAR_DECLINED tick=4230 count=460 epoch=3 actual_adapter_return=false
[20:41:59] [Server thread/INFO]: [WI6-FIXTURE] CLEAR_DECLINED tick=4250 count=480 epoch=3 actual_adapter_return=false
[20:42:00] [Server thread/INFO]: [WI6-FIXTURE] CLEAR_DECLINED tick=4270 count=500 epoch=3 actual_adapter_return=false
[20:42:01] [Server thread/INFO]: [WI6-FIXTURE] CLEAR_DECLINED tick=4290 count=520 epoch=3 actual_adapter_return=false
[20:42:02] [Server thread/INFO]: [WI6-FIXTURE] CLEAR_DECLINED tick=4310 count=540 epoch=3 actual_adapter_return=false
[20:42:03] [Server thread/INFO]: farPlayers = on — applies at the next broadcast tick; off disables far players, opt-in serves only players whose own client opted in, on serves everyone minus the exclude list
[20:42:03] [Server thread/INFO]: [WI6-FIXTURE] ON_ENTERED tick=4320 held_retries=549 held_epoch=3
[20:42:03] [Server thread/INFO]: [WI6-FIXTURE] REPLACEMENT_ROSTER_ACCEPTED tick=4327 epoch=3 subject_index=0
[20:42:03] [Server thread/INFO]: [WI6-FIXTURE] REPLACEMENT_UPDATE_ACCEPTED tick=4327 epoch=3
[20:42:08] [Server thread/INFO]: [WI6-FIXTURE] PASS_SEND_ADMISSION tick=4427 held_retries=549 held_epoch=3 replacement_roster=true replacement_subject_update=true observation_ticks=100 obsolete_clear_attempts=0 fixture_scope=adapter_denial_not_physical_netty
[20:42:24] [Server thread/INFO]: AstraValidator lost connection: Disconnected
[20:42:24] [Server thread/INFO]: AstraValidator left the game
[20:42:24] [Server thread/INFO]: SoakPlayer lost connection: Disconnected
[20:42:24] [Server thread/INFO]: SoakPlayer left the game
[20:42:24] [Server thread/INFO]: Kicked SoakPlayer: Validation complete
[20:42:24] [Server thread/WARN]: handleDisconnection() called twice
[20:43:14] [Server thread/INFO]: AstraValidator[/[0:0:0:0:0:0:0:1%0]:54388] logged in with entity id 4 at (0.5, 150.0, 0.5)
[20:43:14] [Server thread/INFO]: AstraValidator joined the game
[20:43:15] [Server thread/INFO]: LSS handshake received from AstraValidator (protocol v20, capabilities=7)
[20:43:15] [Server thread/INFO]: Player AstraValidator registered for LSS LOD request processing (caps=7)
[20:43:38] [Server thread/INFO]: LSS handshake received from AstraValidator (protocol v20, capabilities=7)
[20:43:38] [Server thread/INFO]: Player AstraValidator registered for LSS LOD request processing (caps=7)
[20:44:19] [Server thread/INFO]: AstraValidator lost connection: Disconnected
[20:44:19] [Server thread/INFO]: AstraValidator left the game
[20:44:20] [Server thread/INFO]: Stopping the server
[20:44:20] [Server thread/INFO]: Stopping LSS LOD request processing service
[20:44:20] [Server thread/INFO]: Stopping server
[20:44:20] [Server thread/INFO]: Saving players
[20:44:20] [Server thread/INFO]: Saving worlds
[20:44:20] [Server thread/INFO]: Saving chunks for level 'ServerLevel[world]'/minecraft:overworld
[20:44:20] [Server thread/INFO]: Saving chunks for level 'ServerLevel[world]'/minecraft:the_end
[20:44:20] [Server thread/INFO]: Saving chunks for level 'ServerLevel[world]'/minecraft:the_nether
[20:44:20] [Server thread/INFO]: ThreadedAnvilChunkStorage (world): All chunks are saved
[20:44:20] [Server thread/INFO]: ThreadedAnvilChunkStorage (DIM1): All chunks are saved
[20:44:20] [Server thread/INFO]: ThreadedAnvilChunkStorage (DIM-1): All chunks are saved
[20:44:20] [Server thread/INFO]: ThreadedAnvilChunkStorage: All dimensions are saved
